<?xml version="1.0" encoding="utf-8"?><testsuites><testsuite name="kawata-py" errors="1" failures="0" skipped="0" tests="1" time="1.172" timestamp="2026-05-10T04:26:01.794902" hostname="L0K1-Desktop-Cachy"><testcase classname="" name="tests.unit.ci.test_ci_context" time="0.000"><error message="collection failure">ImportError while importing test module '/home/loki/mnt/Remote/SSH/Loki-NAS-Root/mnt/user/KawataDev/kawata.py/tests/unit/ci/test_ci_context.py'.
Hint: make sure your test modules/packages have valid Python names.
Traceback:
/home/loki/.local/share/uv/python/cpython-3.11.15-linux-x86_64-gnu/lib/python3.11/importlib/__init__.py:126: in import_module
    return _bootstrap._gcd_import(name[level:], package, level)
tests/unit/ci/test_ci_context.py:12: in &lt;module&gt;
    from core.context import build_context
E   ModuleNotFoundError: No module named 'core'</error></testcase></testsuite></testsuites>